c:\users\vulcanix\desktop\5 семак\asm\labs\tennis\debug\tennis.exe
c:\users\vulcanix\desktop\5 семак\asm\labs\tennis\debug\tennis.pdb
c:\users\vulcanix\desktop\5 семак\asm\labs\tennis\tennis\debug\ball.obj
c:\users\vulcanix\desktop\5 семак\asm\labs\tennis\tennis\debug\draw.obj
c:\users\vulcanix\desktop\5 семак\asm\labs\tennis\tennis\debug\game.obj
c:\users\vulcanix\desktop\5 семак\asm\labs\tennis\tennis\debug\logic.obj
c:\users\vulcanix\desktop\5 семак\asm\labs\tennis\tennis\debug\player.obj
c:\users\vulcanix\desktop\5 семак\asm\labs\tennis\tennis\debug\sound.obj
c:\users\vulcanix\desktop\5 семак\asm\labs\tennis\tennis\debug\handler.obj
c:\users\vulcanix\desktop\5 семак\asm\labs\tennis\tennis\debug\main.obj
c:\users\vulcanix\desktop\5 семак\asm\labs\tennis\tennis\debug\resource.res
c:\users\vulcanix\desktop\5 семак\asm\labs\tennis\tennis\debug\tennis.ilk
c:\users\vulcanix\desktop\5 семак\asm\labs\tennis\tennis\debug\tennis.tlog\link.command.1.tlog
c:\users\vulcanix\desktop\5 семак\asm\labs\tennis\tennis\debug\tennis.tlog\link.read.1.tlog
c:\users\vulcanix\desktop\5 семак\asm\labs\tennis\tennis\debug\tennis.tlog\link.secondary.1.tlog
c:\users\vulcanix\desktop\5 семак\asm\labs\tennis\tennis\debug\tennis.tlog\link.write.1.tlog
c:\users\vulcanix\desktop\5 семак\asm\labs\tennis\tennis\debug\tennis.tlog\masm.read.1u.tlog
c:\users\vulcanix\desktop\5 семак\asm\labs\tennis\tennis\debug\tennis.tlog\masm.write.1u.tlog
c:\users\vulcanix\desktop\5 семак\asm\labs\tennis\tennis\debug\tennis.tlog\rc.command.1.tlog
c:\users\vulcanix\desktop\5 семак\asm\labs\tennis\tennis\debug\tennis.tlog\rc.read.1.tlog
c:\users\vulcanix\desktop\5 семак\asm\labs\tennis\tennis\debug\tennis.tlog\rc.write.1.tlog
